
> job-app@0.0.0 build
> vite build

node.exe : [31mΓ£ù[39m Build failed in 1.48s
At line:1 char:1
+ & "C:\Program Files\nodejs/node.exe" "C:\Users\ACER\AppData\Roaming\n ...
+ ~~~~~~~~~~~~~~~~~~~~~~~~~~~~~~~~~~~~~~~~~~~~~~~~~~~~~~~~~~~~~~~~~~~~~
    + CategoryInfo          : NotSpecified: ([31mΓ£ù[39m Build failed in 1.48s:String) [], RemoteException
    + FullyQualifiedErrorId : NativeCommandError
 
[31merror during build:
[31m[vite]: Rollup failed to resolve import "@/components/ui/button" from "C:/Users/ACER/OneDrive/Desktop/job 
app/src/pages/Jobs.jsx".
This is most likely unintended because it can break your application at runtime.
If you do want to externalize this module explicitly add it to
`build.rollupOptions.external`[31m
    at viteLog 
(file:///C:/Users/ACER/OneDrive/Desktop/job%20app/node_modules/vite/dist/node/chunks/dep-D4NMHUTW.js:46374:15)
    at file:///C:/Users/ACER/OneDrive/Desktop/job%20app/node_modules/vite/dist/node/chunks/dep-D4NMHUTW.js:46432:18
    at onwarn (file:///C:/Users/ACER/OneDrive/Desktop/job%20app/node_modules/@vitejs/plugin-react/dist/index.js:90:7)
    at file:///C:/Users/ACER/OneDrive/Desktop/job%20app/node_modules/vite/dist/node/chunks/dep-D4NMHUTW.js:46430:7
    at onRollupLog 
(file:///C:/Users/ACER/OneDrive/Desktop/job%20app/node_modules/vite/dist/node/chunks/dep-D4NMHUTW.js:46422:5)
    at onLog 
(file:///C:/Users/ACER/OneDrive/Desktop/job%20app/node_modules/vite/dist/node/chunks/dep-D4NMHUTW.js:46072:7)
    at file:///C:/Users/ACER/OneDrive/Desktop/job%20app/node_modules/rollup/dist/es/shared/node-entry.js:20981:32
    at Object.logger [as onLog] 
(file:///C:/Users/ACER/OneDrive/Desktop/job%20app/node_modules/rollup/dist/es/shared/node-entry.js:22968:9)
    at ModuleLoader.handleInvalidResolvedId 
(file:///C:/Users/ACER/OneDrive/Desktop/job%20app/node_modules/rollup/dist/es/shared/node-entry.js:21712:26)
    at file:///C:/Users/ACER/OneDrive/Desktop/job%20app/node_modules/rollup/dist/es/shared/node-entry.js:21670:26[39m
